测试Plot.py
Plot.py测试完成

测试Signal.py
	Signal.Signal().plot()测试通过
Signal.py测试完成

测试BasicSP.py
BasicSP.py测试完成

测试Cep_Analysis.py
	BasicSP.TimeFre_Analysis().st_Cft()测试通过
	BasicSP.TimeFre_Analysis().istft()测试通过
BasicSP.py测试完成

测试Cep_Analysis.py
Cep_Analysis.py测试完成

